// Jest Snapshot v1, https://goo.gl/fbAQLP

exports[`should match snapshot 1`] = `
<article
  className="cities__place-card place-card"
>
  <div
    className="cities__image-wrapper place-card__image-wrapper"
  >
    <img
      alt="Place image"
      className="place-card__image"
      height="200"
      onMouseEnter={[Function]}
      src="aaa"
      width="260"
    />
  </div>
  <div
    className=" place-card__info"
  >
    <div
      className="place-card__price-wrapper"
    >
      <div
        className="place-card__price"
      >
        <b
          className="place-card__price-value"
        >
          €
          120
        </b>
        <span
          className="place-card__price-text"
        >
          / night
        </span>
      </div>
      <button
        className="place-card__bookmark-button place-card__bookmark-button button"
        onClick={[Function]}
        type="button"
      >
        <svg
          className="place-card__bookmark-icon"
          height="19"
          width="18"
        >
          <use
            xlinkHref="#icon-bookmark"
          />
        </svg>
        <span
          className="visually-hidden"
        >
          In bookmarks
        </span>
      </button>
    </div>
    <div
      className="place-card__rating rating"
    >
      <div
        className="place-card__stars rating__stars"
      >
        <span
          style={
            Object {
              "width": "NaN%",
            }
          }
        />
        <span
          className="visually-hidden"
        >
          Rating
        </span>
      </div>
    </div>
    <h2
      className="place-card__name"
    >
      <a
        href="/offer/undefined"
        onClick={[Function]}
      />
    </h2>
    <p
      className="place-card__type"
    >
      AAA
    </p>
  </div>
</article>
`;
