// Jest Snapshot v1, https://goo.gl/fbAQLP

exports[`should match snapShot 1`] = `
<a
  href="/"
  onClick={[Function]}
>
  <img
    alt="6 cities logo"
    className="header__logo"
    height="41"
    src="../img/logo.svg"
    width="81"
  />
</a>
`;
